// Jest Snapshot v1, https://goo.gl/fbAQLP

exports[`<PortfolioCard /> should render correctly 1`] = `
<Styled(GalleryItem)>
  <Styled(Card)>
    <CardHeader>
      <PortfolioCardHeader
        headerActions={
          Array [
            <Dropdown
              dropdownItems={
                Array [
                  <DropdownItem
                    component={
                      <CatalogLink
                        nav={false}
                        pathname="/portfolios/share"
                        preserveSearch={false}
                        searchParams={
                          Object {
                            "portfolio": "123",
                          }
                        }
                      >
                        Share
                      </CatalogLink>
                    }
                  />,
                  <DropdownItem
                    component={
                      <CatalogLink
                        nav={false}
                        pathname="/portfolios/edit-workflow"
                        preserveSearch={false}
                        searchParams={
                          Object {
                            "portfolio": "123",
                          }
                        }
                      >
                        Set approval
                      </CatalogLink>
                    }
                  />,
                  <DropdownItem
                    component={
                      <CatalogLink
                        nav={false}
                        pathname="/portfolios/edit"
                        preserveSearch={false}
                        searchParams={
                          Object {
                            "portfolio": "123",
                          }
                        }
                      >
                        Edit
                      </CatalogLink>
                    }
                  />,
                  <DropdownItem
                    component={
                      <CatalogLink
                        nav={false}
                        pathname="/portfolios/remove"
                        preserveSearch={false}
                        searchParams={
                          Object {
                            "portfolio": "123",
                          }
                        }
                      >
                        Delete
                      </CatalogLink>
                    }
                  />,
                ]
              }
              isOpen={false}
              isPlain={true}
              onSelect={[Function]}
              position="right"
              toggle={
                <KebabToggle
                  onToggle={[Function]}
                />
              }
            />,
          ]
        }
        portfolioName="name"
        to={
          Object {
            "pathname": "/portfolio",
            "search": "?portfolio=123",
          }
        }
      />
    </CardHeader>
    <CardBody>
      <TextContent
        className="pf-u-mb-md"
      >
        <Text
          className="pf-i-mb-sm"
          component="small"
        >
          Last updated 
          <DateFormat
            date="created at"
            type="relative"
          />
        </Text>
        <Text
          component="small"
        >
          Owner
        </Text>
      </TextContent>
      <ItemDetails
        created_at="created at"
        description="description"
        modified="modified"
        name="name"
        owner="Owner"
        portfolioName="foo"
        toDisplay={
          Array [
            "description",
          ]
        }
      />
    </CardBody>
    <CardFooter />
  </Styled(Card)>
</Styled(GalleryItem)>
`;
