// Jest Snapshot v1, https://goo.gl/fbAQLP

exports[`<PortfolioCardHeader /> should render correctly 1`] = `
<Level
  className=""
  gutter={null}
>
  <LevelItem>
    <TextContent
      className=""
    >
      <Text
        className="elipsis-text-overflow pf-u-mb-0"
        component="h3"
      >
        foo
      </Text>
    </TextContent>
  </LevelItem>
  <LevelItem
    onClick={[Function]}
  />
</Level>
`;
