// Jest Snapshot v1, https://goo.gl/fbAQLP

exports[`<PortfoliosFilterToolbar /> should render correctly 1`] = `
<ContextProvider
  value={
    Object {
      "componentMapper": Object {
        "Button": [Function],
        "FilterToolbarItem": [Function],
        "Level": [Function],
        "LevelItem": [Function],
        "Link": [Function],
        "Toolbar": [Function],
        "ToolbarGroup": [Function],
        "ToolbarItem": [Function],
        "TopToolbar": [Function],
        "TopToolbarTitle": [Function],
      },
      "render": [Function],
    }
  }
>
  <Component
    component="TopToolbar"
    key="portfolios-top-toolbar"
  >
    <Component
      component="TopToolbarTitle"
      key="portfolios-toolbar-title"
      title="Portfolios"
    />
    <Component
      component="Level"
      key="porftolios-actions"
    >
      <Component
        className="pf-u-mt-md"
        component="Toolbar"
        key="main-portfolio-toolbar"
      >
        <Component
          component="ToolbarGroup"
          key="filter-group/single-toolbar-item-group"
        >
          <Component
            component="ToolbarItem"
            key="filter-group/single-toolbar-item"
          >
            <Component
              component="FilterToolbarItem"
              key="filter-input"
              onFilterChange={[MockFunction]}
              searchValue=""
            />
          </Component>
        </Component>
        <Component
          component="ToolbarGroup"
          key="portfolio-button-group/single-toolbar-item-group"
        >
          <Component
            component="ToolbarItem"
            key="portfolio-button-group/single-toolbar-item"
          >
            <Component
              className=""
              component="Link"
              key="create-portfolio-button/button-link"
              to="/portfolios/add-portfolio"
            >
              <Component
                aria-label="Create portfolio"
                component="Button"
                key="create-portfolio-button"
                title="Create portfolio"
                variant="primary"
              />
            </Component>
          </Component>
        </Component>
      </Component>
      <Component
        component="LevelItem"
        key="pagination-item"
      >
        <Component
          apiRequest={[Function]}
          component={[Function]}
          key="porftolios-pagination"
        />
      </Component>
    </Component>
  </Component>
</ContextProvider>
`;
