// Jest Snapshot v1, https://goo.gl/fbAQLP

exports[`<PortfolioCardHeader /> should render correctly 1`] = `
<Level>
  <LevelItem
    className="portfolio-card-header-title"
    style={
      Object {
        "flexGrow": 1,
      }
    }
  >
    <Link>
      <TextContent>
        <Text
          className="elipsis-text-overflow pf-u-mb-0"
          component="h3"
          title="foo"
        >
          foo
        </Text>
      </TextContent>
    </Link>
  </LevelItem>
  <LevelItem
    onClick={[Function]}
  />
</Level>
`;
