// Jest Snapshot v1, https://goo.gl/fbAQLP

exports[`<ContentGallery /> should render all items 1`] = `
<ContentGallery
  isLoading={false}
  items={
    Array [
      <div>
        1
      </div>,
      <div>
        2
      </div>,
      <div>
        3
      </div>,
    ]
  }
>
  <Page
    defaultManagedSidebarIsOpen={true}
    isBreadcrumbWidthLimited={false}
    isManagedSidebar={false}
    isNotificationDrawerExpanded={false}
    mainTabIndex={-1}
    onNotificationDrawerExpand={[Function]}
    onPageResize={[Function]}
    type="content"
  >
    <div
      className="pf-c-page"
      type="content"
    >
      <main
        className="pf-c-page__main"
        tabIndex={-1}
      >
        <Gallery
          className="content-gallery"
          hasGutter={true}
        >
          <div
            className="pf-l-gallery pf-m-gutter content-gallery"
          >
            <div
              key="1"
            >
              1
            </div>
            <div
              key="2"
            >
              2
            </div>
            <div
              key="3"
            >
              3
            </div>
          </div>
        </Gallery>
      </main>
    </div>
  </Page>
</ContentGallery>
`;

exports[`<ContentGallery /> should render in loading state 1`] = `
<Fragment>
  <CardLoader />
</Fragment>
`;

exports[`<ContentGallery /> should render no items placeholder 1`] = `
<ContentGallery
  isLoading={false}
  items={Array []}
>
  <NoItems>
    <div>
      <Text
        component="h1"
      >
        <h1
          className=""
          data-ouia-component-id="OUIA-Generated-Text-1"
          data-ouia-component-type="PF4/Text"
          data-ouia-safe={true}
          data-pf-content={true}
        >
          No items found
        </h1>
      </Text>
    </div>
  </NoItems>
</ContentGallery>
`;
