// Jest Snapshot v1, https://goo.gl/fbAQLP

exports[`createPortfolioSchema should create edit portfolio form schema variant 1`] = `
Object {
  "fields": Array [
    Object {
      "component": "text-field",
      "isRequired": true,
      "label": "schemas.portfolio.name",
      "maxLength": 64,
      "name": "name",
      "validate": Array [
        [Function],
      ],
    },
    Object {
      "component": "textarea",
      "label": "schemas.portfolio.description",
      "name": "description",
    },
  ],
}
`;

exports[`createPortfolioSchema should create new portfolio form schema variant 1`] = `
Object {
  "fields": Array [
    Object {
      "component": "text-field",
      "isRequired": true,
      "label": "schemas.portfolio.name",
      "maxLength": 64,
      "name": "name",
      "validate": Array [
        [Function],
      ],
    },
    Object {
      "component": "textarea",
      "label": "schemas.portfolio.description",
      "name": "description",
    },
  ],
}
`;
