// Jest Snapshot v1, https://goo.gl/fbAQLP

exports[`<BreadCrumbs /> breadcrubms should render correctly empty breadcrumbs 1`] = `
<BreadcrumbWrapper>
  <MemoryRouter>
    <Router
      history={
        Object {
          "action": "POP",
          "block": [Function],
          "canGo": [Function],
          "createHref": [Function],
          "entries": Array [
            Object {
              "hash": "",
              "key": "ln1uee",
              "pathname": "/",
              "search": "",
              "state": undefined,
            },
          ],
          "go": [Function],
          "goBack": [Function],
          "goForward": [Function],
          "index": 0,
          "length": 1,
          "listen": [Function],
          "location": Object {
            "hash": "",
            "key": "ln1uee",
            "pathname": "/",
            "search": "",
            "state": undefined,
          },
          "push": [Function],
          "replace": [Function],
        }
      }
    >
      <Wrapper>
        <Provider
          store={
            Object {
              "clearActions": [Function],
              "dispatch": [Function],
              "getActions": [Function],
              "getState": [Function],
              "replaceReducer": [Function],
              "subscribe": [Function],
            }
          }
        >
          <withRouter(Connect(CatalogBreadrubms))>
            <Route>
              <Connect(CatalogBreadrubms)
                history={
                  Object {
                    "action": "POP",
                    "block": [Function],
                    "canGo": [Function],
                    "createHref": [Function],
                    "entries": Array [
                      Object {
                        "hash": "",
                        "key": "ln1uee",
                        "pathname": "/",
                        "search": "",
                        "state": undefined,
                      },
                    ],
                    "go": [Function],
                    "goBack": [Function],
                    "goForward": [Function],
                    "index": 0,
                    "length": 1,
                    "listen": [Function],
                    "location": Object {
                      "hash": "",
                      "key": "ln1uee",
                      "pathname": "/",
                      "search": "",
                      "state": undefined,
                    },
                    "push": [Function],
                    "replace": [Function],
                  }
                }
                location={
                  Object {
                    "hash": "",
                    "key": "ln1uee",
                    "pathname": "/",
                    "search": "",
                    "state": undefined,
                  }
                }
                match={
                  Object {
                    "isExact": true,
                    "params": Object {},
                    "path": "/",
                    "url": "/",
                  }
                }
              >
                <CatalogBreadrubms
                  dispatch={[Function]}
                  history={
                    Object {
                      "action": "POP",
                      "block": [Function],
                      "canGo": [Function],
                      "createHref": [Function],
                      "entries": Array [
                        Object {
                          "hash": "",
                          "key": "ln1uee",
                          "pathname": "/",
                          "search": "",
                          "state": undefined,
                        },
                      ],
                      "go": [Function],
                      "goBack": [Function],
                      "goForward": [Function],
                      "index": 0,
                      "length": 1,
                      "listen": [Function],
                      "location": Object {
                        "hash": "",
                        "key": "ln1uee",
                        "pathname": "/",
                        "search": "",
                        "state": undefined,
                      },
                      "push": [Function],
                      "replace": [Function],
                    }
                  }
                  location={
                    Object {
                      "hash": "",
                      "key": "ln1uee",
                      "pathname": "/",
                      "search": "",
                      "state": undefined,
                    }
                  }
                  match={
                    Object {
                      "isExact": true,
                      "params": Object {},
                      "path": "/",
                      "url": "/",
                    }
                  }
                  reducers={Object {}}
                >
                  <Breadcrumb
                    aria-label="Breadcrumb"
                    className=""
                  >
                    <nav
                      aria-label="Breadcrumb"
                      className="pf-c-breadcrumb"
                    >
                      <ol
                        className="pf-c-breadcrumb__list"
                      />
                    </nav>
                  </Breadcrumb>
                </CatalogBreadrubms>
              </Connect(CatalogBreadrubms)>
            </Route>
          </withRouter(Connect(CatalogBreadrubms))>
        </Provider>
      </Wrapper>
    </Router>
  </MemoryRouter>
</BreadcrumbWrapper>
`;
