// Jest Snapshot v1, https://goo.gl/fbAQLP

exports[`<ConditionalLink /> should render children wrapped in router Link component 1`] = `
<ConditionalLink
  pathname="/some/url"
>
  <CatalogLink
    nav={false}
    pathname="/some/url"
    preserveSearch={false}
    searchParams={Object {}}
  >
    <Link
      to={
        Object {
          "pathname": "/some/url",
          "search": "",
        }
      }
    >
      <LinkAnchor
        href="/some/url"
        navigate={[Function]}
      >
        <a
          href="/some/url"
          onClick={[Function]}
        >
          <div>
            Link children
          </div>
        </a>
      </LinkAnchor>
    </Link>
  </CatalogLink>
</ConditionalLink>
`;

exports[`<ConditionalLink /> should render only children withouth link 1`] = `
<ConditionalLink>
  <div>
    Link children
  </div>
</ConditionalLink>
`;
