// Jest Snapshot v1, https://goo.gl/fbAQLP

exports[`Loader placeholders should render <AppPlaceholder /> correctly 1`] = `
<section
  className="pf-u-m-0 pf-u-p-0 pf-l-page__main-section pf-c-page__main-section"
>
  <Skeleton
    className="pf-u-p-lg global-primary-background"
    height={32}
  />
  <div
    className="pf-u-mt-lg"
  >
    <Component>
      <Component />
    </Component>
  </div>
</section>
`;

exports[`Loader placeholders should render <CardLoader /> correctly 1`] = `
<Component>
  <Component
    sm={12}
  >
    <Section
      type="content"
    >
      <Component
        hasGutter={true}
      >
        <Component
          key="0"
        >
          <Component
            style={
              Object {
                "height": 350,
              }
            }
          >
            <Component>
              <Skeleton
                className="pf-u-mb-lg"
                height={70}
                width="85%"
              />
              <Skeleton
                className="pf-u-mb-sm"
                height={5}
                width="90%"
              />
              <Skeleton
                className="pf-u-mb-sm"
                height={5}
                width="100%"
              />
              <Skeleton
                className="pf-u-mb-sm"
                height={5}
                width="76%"
              />
            </Component>
          </Component>
        </Component>
        <Component
          key="1"
        >
          <Component
            style={
              Object {
                "height": 350,
              }
            }
          >
            <Component>
              <Skeleton
                className="pf-u-mb-lg"
                height={70}
                width="85%"
              />
              <Skeleton
                className="pf-u-mb-sm"
                height={5}
                width="90%"
              />
              <Skeleton
                className="pf-u-mb-sm"
                height={5}
                width="100%"
              />
              <Skeleton
                className="pf-u-mb-sm"
                height={5}
                width="76%"
              />
            </Component>
          </Component>
        </Component>
        <Component
          key="2"
        >
          <Component
            style={
              Object {
                "height": 350,
              }
            }
          >
            <Component>
              <Skeleton
                className="pf-u-mb-lg"
                height={70}
                width="85%"
              />
              <Skeleton
                className="pf-u-mb-sm"
                height={5}
                width="90%"
              />
              <Skeleton
                className="pf-u-mb-sm"
                height={5}
                width="100%"
              />
              <Skeleton
                className="pf-u-mb-sm"
                height={5}
                width="76%"
              />
            </Component>
          </Component>
        </Component>
        <Component
          key="3"
        >
          <Component
            style={
              Object {
                "height": 350,
              }
            }
          >
            <Component>
              <Skeleton
                className="pf-u-mb-lg"
                height={70}
                width="85%"
              />
              <Skeleton
                className="pf-u-mb-sm"
                height={5}
                width="90%"
              />
              <Skeleton
                className="pf-u-mb-sm"
                height={5}
                width="100%"
              />
              <Skeleton
                className="pf-u-mb-sm"
                height={5}
                width="76%"
              />
            </Component>
          </Component>
        </Component>
        <Component
          key="4"
        >
          <Component
            style={
              Object {
                "height": 350,
              }
            }
          >
            <Component>
              <Skeleton
                className="pf-u-mb-lg"
                height={70}
                width="85%"
              />
              <Skeleton
                className="pf-u-mb-sm"
                height={5}
                width="90%"
              />
              <Skeleton
                className="pf-u-mb-sm"
                height={5}
                width="100%"
              />
              <Skeleton
                className="pf-u-mb-sm"
                height={5}
                width="76%"
              />
            </Component>
          </Component>
        </Component>
        <Component
          key="5"
        >
          <Component
            style={
              Object {
                "height": 350,
              }
            }
          >
            <Component>
              <Skeleton
                className="pf-u-mb-lg"
                height={70}
                width="85%"
              />
              <Skeleton
                className="pf-u-mb-sm"
                height={5}
                width="90%"
              />
              <Skeleton
                className="pf-u-mb-sm"
                height={5}
                width="100%"
              />
              <Skeleton
                className="pf-u-mb-sm"
                height={5}
                width="76%"
              />
            </Component>
          </Component>
        </Component>
        <Component
          key="6"
        >
          <Component
            style={
              Object {
                "height": 350,
              }
            }
          >
            <Component>
              <Skeleton
                className="pf-u-mb-lg"
                height={70}
                width="85%"
              />
              <Skeleton
                className="pf-u-mb-sm"
                height={5}
                width="90%"
              />
              <Skeleton
                className="pf-u-mb-sm"
                height={5}
                width="100%"
              />
              <Skeleton
                className="pf-u-mb-sm"
                height={5}
                width="76%"
              />
            </Component>
          </Component>
        </Component>
        <Component
          key="7"
        >
          <Component
            style={
              Object {
                "height": 350,
              }
            }
          >
            <Component>
              <Skeleton
                className="pf-u-mb-lg"
                height={70}
                width="85%"
              />
              <Skeleton
                className="pf-u-mb-sm"
                height={5}
                width="90%"
              />
              <Skeleton
                className="pf-u-mb-sm"
                height={5}
                width="100%"
              />
              <Skeleton
                className="pf-u-mb-sm"
                height={5}
                width="76%"
              />
            </Component>
          </Component>
        </Component>
        <Component
          key="8"
        >
          <Component
            style={
              Object {
                "height": 350,
              }
            }
          >
            <Component>
              <Skeleton
                className="pf-u-mb-lg"
                height={70}
                width="85%"
              />
              <Skeleton
                className="pf-u-mb-sm"
                height={5}
                width="90%"
              />
              <Skeleton
                className="pf-u-mb-sm"
                height={5}
                width="100%"
              />
              <Skeleton
                className="pf-u-mb-sm"
                height={5}
                width="76%"
              />
            </Component>
          </Component>
        </Component>
        <Component
          key="9"
        >
          <Component
            style={
              Object {
                "height": 350,
              }
            }
          >
            <Component>
              <Skeleton
                className="pf-u-mb-lg"
                height={70}
                width="85%"
              />
              <Skeleton
                className="pf-u-mb-sm"
                height={5}
                width="90%"
              />
              <Skeleton
                className="pf-u-mb-sm"
                height={5}
                width="100%"
              />
              <Skeleton
                className="pf-u-mb-sm"
                height={5}
                width="76%"
              />
            </Component>
          </Component>
        </Component>
        <Component
          key="10"
        >
          <Component
            style={
              Object {
                "height": 350,
              }
            }
          >
            <Component>
              <Skeleton
                className="pf-u-mb-lg"
                height={70}
                width="85%"
              />
              <Skeleton
                className="pf-u-mb-sm"
                height={5}
                width="90%"
              />
              <Skeleton
                className="pf-u-mb-sm"
                height={5}
                width="100%"
              />
              <Skeleton
                className="pf-u-mb-sm"
                height={5}
                width="76%"
              />
            </Component>
          </Component>
        </Component>
        <Component
          key="11"
        >
          <Component
            style={
              Object {
                "height": 350,
              }
            }
          >
            <Component>
              <Skeleton
                className="pf-u-mb-lg"
                height={70}
                width="85%"
              />
              <Skeleton
                className="pf-u-mb-sm"
                height={5}
                width="90%"
              />
              <Skeleton
                className="pf-u-mb-sm"
                height={5}
                width="100%"
              />
              <Skeleton
                className="pf-u-mb-sm"
                height={5}
                width="76%"
              />
            </Component>
          </Component>
        </Component>
        <Component
          key="12"
        >
          <Component
            style={
              Object {
                "height": 350,
              }
            }
          >
            <Component>
              <Skeleton
                className="pf-u-mb-lg"
                height={70}
                width="85%"
              />
              <Skeleton
                className="pf-u-mb-sm"
                height={5}
                width="90%"
              />
              <Skeleton
                className="pf-u-mb-sm"
                height={5}
                width="100%"
              />
              <Skeleton
                className="pf-u-mb-sm"
                height={5}
                width="76%"
              />
            </Component>
          </Component>
        </Component>
      </Component>
    </Section>
  </Component>
</Component>
`;

exports[`Loader placeholders should render <ListLoader /> correctly 1`] = `
<Component
  aria-label="list-loader"
  aria-labelledby="datalist-placeholder"
>
  <Component
    aria-labelledby="datalist-item-placeholder"
    key="0"
  >
    <Component
      aria-label="datalist-item-placeholder-row"
    >
      <Component
        dataListCells={
          Array [
            <Unknown>
              <Skeleton
                height={67}
              />
            </Unknown>,
          ]
        }
      />
    </Component>
  </Component>
  <Component
    aria-labelledby="datalist-item-placeholder"
    key="1"
  >
    <Component
      aria-label="datalist-item-placeholder-row"
    >
      <Component
        dataListCells={
          Array [
            <Unknown>
              <Skeleton
                height={67}
              />
            </Unknown>,
          ]
        }
      />
    </Component>
  </Component>
  <Component
    aria-labelledby="datalist-item-placeholder"
    key="2"
  >
    <Component
      aria-label="datalist-item-placeholder-row"
    >
      <Component
        dataListCells={
          Array [
            <Unknown>
              <Skeleton
                height={67}
              />
            </Unknown>,
          ]
        }
      />
    </Component>
  </Component>
  <Component
    aria-labelledby="datalist-item-placeholder"
    key="3"
  >
    <Component
      aria-label="datalist-item-placeholder-row"
    >
      <Component
        dataListCells={
          Array [
            <Unknown>
              <Skeleton
                height={67}
              />
            </Unknown>,
          ]
        }
      />
    </Component>
  </Component>
  <Component
    aria-labelledby="datalist-item-placeholder"
    key="4"
  >
    <Component
      aria-label="datalist-item-placeholder-row"
    >
      <Component
        dataListCells={
          Array [
            <Unknown>
              <Skeleton
                height={67}
              />
            </Unknown>,
          ]
        }
      />
    </Component>
  </Component>
</Component>
`;
