// Jest Snapshot v1, https://goo.gl/fbAQLP

exports[`Loader placeholders should render <AppPlaceholder /> correctly 1`] = `
<section
  className="pf-u-m-0 pf-u-p-0 pf-l-page__main-section pf-c-page__main-section"
>
  <Skeleton
    className="pf-u-p-lg global-primary-background"
    height={32}
  />
  <div
    className="pf-u-mt-lg"
  >
    <Bullseye>
      <Spinner />
    </Bullseye>
  </div>
</section>
`;

exports[`Loader placeholders should render <CardLoader /> correctly 1`] = `
<Grid
  hasGutter={true}
>
  <GridItem
    sm={12}
  >
    <Section
      type="content"
    >
      <Gallery
        hasGutter={true}
      >
        <GalleryItem
          key="0"
        >
          <Card
            style={
              Object {
                "height": 350,
              }
            }
          >
            <CardBody>
              <Skeleton
                className="pf-u-mb-lg"
                height={70}
                width="85%"
              />
              <Skeleton
                className="pf-u-mb-sm"
                height={5}
                width="90%"
              />
              <Skeleton
                className="pf-u-mb-sm"
                height={5}
                width="100%"
              />
              <Skeleton
                className="pf-u-mb-sm"
                height={5}
                width="76%"
              />
            </CardBody>
          </Card>
        </GalleryItem>
        <GalleryItem
          key="1"
        >
          <Card
            style={
              Object {
                "height": 350,
              }
            }
          >
            <CardBody>
              <Skeleton
                className="pf-u-mb-lg"
                height={70}
                width="85%"
              />
              <Skeleton
                className="pf-u-mb-sm"
                height={5}
                width="90%"
              />
              <Skeleton
                className="pf-u-mb-sm"
                height={5}
                width="100%"
              />
              <Skeleton
                className="pf-u-mb-sm"
                height={5}
                width="76%"
              />
            </CardBody>
          </Card>
        </GalleryItem>
        <GalleryItem
          key="2"
        >
          <Card
            style={
              Object {
                "height": 350,
              }
            }
          >
            <CardBody>
              <Skeleton
                className="pf-u-mb-lg"
                height={70}
                width="85%"
              />
              <Skeleton
                className="pf-u-mb-sm"
                height={5}
                width="90%"
              />
              <Skeleton
                className="pf-u-mb-sm"
                height={5}
                width="100%"
              />
              <Skeleton
                className="pf-u-mb-sm"
                height={5}
                width="76%"
              />
            </CardBody>
          </Card>
        </GalleryItem>
        <GalleryItem
          key="3"
        >
          <Card
            style={
              Object {
                "height": 350,
              }
            }
          >
            <CardBody>
              <Skeleton
                className="pf-u-mb-lg"
                height={70}
                width="85%"
              />
              <Skeleton
                className="pf-u-mb-sm"
                height={5}
                width="90%"
              />
              <Skeleton
                className="pf-u-mb-sm"
                height={5}
                width="100%"
              />
              <Skeleton
                className="pf-u-mb-sm"
                height={5}
                width="76%"
              />
            </CardBody>
          </Card>
        </GalleryItem>
        <GalleryItem
          key="4"
        >
          <Card
            style={
              Object {
                "height": 350,
              }
            }
          >
            <CardBody>
              <Skeleton
                className="pf-u-mb-lg"
                height={70}
                width="85%"
              />
              <Skeleton
                className="pf-u-mb-sm"
                height={5}
                width="90%"
              />
              <Skeleton
                className="pf-u-mb-sm"
                height={5}
                width="100%"
              />
              <Skeleton
                className="pf-u-mb-sm"
                height={5}
                width="76%"
              />
            </CardBody>
          </Card>
        </GalleryItem>
        <GalleryItem
          key="5"
        >
          <Card
            style={
              Object {
                "height": 350,
              }
            }
          >
            <CardBody>
              <Skeleton
                className="pf-u-mb-lg"
                height={70}
                width="85%"
              />
              <Skeleton
                className="pf-u-mb-sm"
                height={5}
                width="90%"
              />
              <Skeleton
                className="pf-u-mb-sm"
                height={5}
                width="100%"
              />
              <Skeleton
                className="pf-u-mb-sm"
                height={5}
                width="76%"
              />
            </CardBody>
          </Card>
        </GalleryItem>
        <GalleryItem
          key="6"
        >
          <Card
            style={
              Object {
                "height": 350,
              }
            }
          >
            <CardBody>
              <Skeleton
                className="pf-u-mb-lg"
                height={70}
                width="85%"
              />
              <Skeleton
                className="pf-u-mb-sm"
                height={5}
                width="90%"
              />
              <Skeleton
                className="pf-u-mb-sm"
                height={5}
                width="100%"
              />
              <Skeleton
                className="pf-u-mb-sm"
                height={5}
                width="76%"
              />
            </CardBody>
          </Card>
        </GalleryItem>
        <GalleryItem
          key="7"
        >
          <Card
            style={
              Object {
                "height": 350,
              }
            }
          >
            <CardBody>
              <Skeleton
                className="pf-u-mb-lg"
                height={70}
                width="85%"
              />
              <Skeleton
                className="pf-u-mb-sm"
                height={5}
                width="90%"
              />
              <Skeleton
                className="pf-u-mb-sm"
                height={5}
                width="100%"
              />
              <Skeleton
                className="pf-u-mb-sm"
                height={5}
                width="76%"
              />
            </CardBody>
          </Card>
        </GalleryItem>
        <GalleryItem
          key="8"
        >
          <Card
            style={
              Object {
                "height": 350,
              }
            }
          >
            <CardBody>
              <Skeleton
                className="pf-u-mb-lg"
                height={70}
                width="85%"
              />
              <Skeleton
                className="pf-u-mb-sm"
                height={5}
                width="90%"
              />
              <Skeleton
                className="pf-u-mb-sm"
                height={5}
                width="100%"
              />
              <Skeleton
                className="pf-u-mb-sm"
                height={5}
                width="76%"
              />
            </CardBody>
          </Card>
        </GalleryItem>
        <GalleryItem
          key="9"
        >
          <Card
            style={
              Object {
                "height": 350,
              }
            }
          >
            <CardBody>
              <Skeleton
                className="pf-u-mb-lg"
                height={70}
                width="85%"
              />
              <Skeleton
                className="pf-u-mb-sm"
                height={5}
                width="90%"
              />
              <Skeleton
                className="pf-u-mb-sm"
                height={5}
                width="100%"
              />
              <Skeleton
                className="pf-u-mb-sm"
                height={5}
                width="76%"
              />
            </CardBody>
          </Card>
        </GalleryItem>
        <GalleryItem
          key="10"
        >
          <Card
            style={
              Object {
                "height": 350,
              }
            }
          >
            <CardBody>
              <Skeleton
                className="pf-u-mb-lg"
                height={70}
                width="85%"
              />
              <Skeleton
                className="pf-u-mb-sm"
                height={5}
                width="90%"
              />
              <Skeleton
                className="pf-u-mb-sm"
                height={5}
                width="100%"
              />
              <Skeleton
                className="pf-u-mb-sm"
                height={5}
                width="76%"
              />
            </CardBody>
          </Card>
        </GalleryItem>
        <GalleryItem
          key="11"
        >
          <Card
            style={
              Object {
                "height": 350,
              }
            }
          >
            <CardBody>
              <Skeleton
                className="pf-u-mb-lg"
                height={70}
                width="85%"
              />
              <Skeleton
                className="pf-u-mb-sm"
                height={5}
                width="90%"
              />
              <Skeleton
                className="pf-u-mb-sm"
                height={5}
                width="100%"
              />
              <Skeleton
                className="pf-u-mb-sm"
                height={5}
                width="76%"
              />
            </CardBody>
          </Card>
        </GalleryItem>
        <GalleryItem
          key="12"
        >
          <Card
            style={
              Object {
                "height": 350,
              }
            }
          >
            <CardBody>
              <Skeleton
                className="pf-u-mb-lg"
                height={70}
                width="85%"
              />
              <Skeleton
                className="pf-u-mb-sm"
                height={5}
                width="90%"
              />
              <Skeleton
                className="pf-u-mb-sm"
                height={5}
                width="100%"
              />
              <Skeleton
                className="pf-u-mb-sm"
                height={5}
                width="76%"
              />
            </CardBody>
          </Card>
        </GalleryItem>
      </Gallery>
    </Section>
  </GridItem>
</Grid>
`;

exports[`Loader placeholders should render <ListLoader /> correctly 1`] = `
<DataList
  aria-label="list-loader"
  aria-labelledby="datalist-placeholder"
>
  <DataListItem
    aria-labelledby="datalist-item-placeholder"
    key="0"
  >
    <DataListItemRow
      aria-label="datalist-item-placeholder-row"
    >
      <DataListItemCells
        dataListCells={
          Array [
            <DataListCell>
              <Skeleton
                height={67}
              />
            </DataListCell>,
          ]
        }
      />
    </DataListItemRow>
  </DataListItem>
  <DataListItem
    aria-labelledby="datalist-item-placeholder"
    key="1"
  >
    <DataListItemRow
      aria-label="datalist-item-placeholder-row"
    >
      <DataListItemCells
        dataListCells={
          Array [
            <DataListCell>
              <Skeleton
                height={67}
              />
            </DataListCell>,
          ]
        }
      />
    </DataListItemRow>
  </DataListItem>
  <DataListItem
    aria-labelledby="datalist-item-placeholder"
    key="2"
  >
    <DataListItemRow
      aria-label="datalist-item-placeholder-row"
    >
      <DataListItemCells
        dataListCells={
          Array [
            <DataListCell>
              <Skeleton
                height={67}
              />
            </DataListCell>,
          ]
        }
      />
    </DataListItemRow>
  </DataListItem>
  <DataListItem
    aria-labelledby="datalist-item-placeholder"
    key="3"
  >
    <DataListItemRow
      aria-label="datalist-item-placeholder-row"
    >
      <DataListItemCells
        dataListCells={
          Array [
            <DataListCell>
              <Skeleton
                height={67}
              />
            </DataListCell>,
          ]
        }
      />
    </DataListItemRow>
  </DataListItem>
  <DataListItem
    aria-labelledby="datalist-item-placeholder"
    key="4"
  >
    <DataListItemRow
      aria-label="datalist-item-placeholder-row"
    >
      <DataListItemCells
        dataListCells={
          Array [
            <DataListCell>
              <Skeleton
                height={67}
              />
            </DataListCell>,
          ]
        }
      />
    </DataListItemRow>
  </DataListItem>
</DataList>
`;
