// Jest Snapshot v1, https://goo.gl/fbAQLP

exports[`<TopToolbar /> should render correctly 1`] = `
<div
  className="pf-u-pt-xl pf-u-pr-xl pf-u-pl-xl pf-u-pb-xl top-toolbar"
>
  <Level
    className="pf-u-mb-md"
  >
    <withRouter(Connect(CatalogBreadrubms)) />
  </Level>
  <div>
    Children
  </div>
</div>
`;
