// Jest Snapshot v1, https://goo.gl/fbAQLP

exports[`<EditApprovalWorkflow /> should render correctly 1`] = `
<ContextProvider
  value={
    Object {
      "store": Object {
        "clearActions": [Function],
        "dispatch": [Function],
        "getActions": [Function],
        "getState": [Function],
        "replaceReducer": [Function],
        "subscribe": [Function],
      },
      "subscription": Object {
        "addNestedSub": [Function],
        "getListeners": [Function],
        "handleChangeWrapper": [Function],
        "isSubscribed": [Function],
        "notifyNestedSubs": [Function],
        "trySubscribe": [Function],
        "tryUnsubscribe": [Function],
      },
    }
  }
>
  <MemoryRouter>
    <EditApprovalWorkflow
      closeUrl="foo"
      objectName={[Function]}
      objectType="Portfolio"
      portfolioId="123"
      pushParam={
        Object {
          "pathname": "/foo",
          "search": "?platform=1",
        }
      }
      querySelector="portfolio"
    />
  </MemoryRouter>
</ContextProvider>
`;
