// Jest Snapshot v1, https://goo.gl/fbAQLP

exports[`<PlatformToolbar /> should render correctly 1`] = `
<TopToolbar
  paddingBottom={true}
>
  <TopToolbarTitle
    title="toolbar title"
  />
  <Level
    className=""
    gutter={null}
  >
    <Toolbar
      className={null}
    >
      <ToolbarGroup
        className={null}
      >
        <ToolbarItem
          className={null}
        >
          <FilterToolbarItem
            onFilterChange={[MockFunction]}
            placeholder="Filter by name..."
            searchValue=""
          />
        </ToolbarItem>
      </ToolbarGroup>
      <ToolbarGroup
        className={null}
      >
        <ToolbarItem
          className={null}
        />
      </ToolbarGroup>
    </Toolbar>
  </Level>
</TopToolbar>
`;
