// Jest Snapshot v1, https://goo.gl/fbAQLP

exports[`<PlatformToolbar /> should render correctly 1`] = `
<TopToolbar
  paddingBottom={true}
>
  <Level
    className=""
    gutter={null}
  >
    <LevelItem>
      <FilterToolbarItem
        onFilterChange={[MockFunction]}
        placeholder="Find a product"
        searchValue=""
      />
    </LevelItem>
    <LevelItem>
      <OrderToolbarItem />
    </LevelItem>
  </Level>
</TopToolbar>
`;
