// Jest Snapshot v1, https://goo.gl/fbAQLP

exports[`<PlatformToolbar /> should render correctly 1`] = `
<TopToolbar
  paddingBottom={true}
>
  <TopToolbarTitle
    title="toolbar title"
  />
  <Level
    className=""
    gutter={null}
  >
    <LevelItem>
      <FilterToolbarItem
        onFilterChange={[MockFunction]}
        placeholder="Filter by name..."
        searchValue=""
      />
    </LevelItem>
    <LevelItem />
  </Level>
</TopToolbar>
`;
