// Jest Snapshot v1, https://goo.gl/fbAQLP

exports[`<PlatformDashboard /> should render correctly 1`] = `
<Connect(Main)>
  <div
    style={
      Object {
        "textAlign": "center",
      }
    }
  >
    <Title
      className=""
      headingLevel="h1"
      size="md"
    >
      Search Or Select a Platform
    </Title>
  </div>
  <div
    style={
      Object {
        "textAlign": "center",
      }
    }
  >
    <Button
      aria-label={null}
      className=""
      component="button"
      isActive={false}
      isBlock={false}
      isDisabled={false}
      isFocus={false}
      isHover={false}
      type="button"
      variant="secondary"
    >
      Take Action
    </Button>
  </div>
</Connect(Main)>
`;
