// Jest Snapshot v1, https://goo.gl/fbAQLP

exports[`<PlatformItem /> should render correctly 1`] = `
<Card
  className="content-gallery-card"
  component="article"
>
  <CardHeader
    className=""
    component="div"
  >
    <ImageWithDefault
      height="20"
      src="test-file-stub"
      width="30"
    />
  </CardHeader>
  <ServiceOfferingCardBody />
  <CardFooter
    className=""
    component="div"
  />
</Card>
`;
