// Jest Snapshot v1, https://goo.gl/fbAQLP

exports[`<PlatformItem /> should render correctly 1`] = `
<PlatformItem
  id="Foo"
>
  <Card
    className="content-gallery-card"
    key="Foo"
  >
    <article
      className="pf-c-card content-gallery-card"
    >
      <CardHeader>
        <div
          className="pf-c-card__header pf-c-title pf-m-md"
        >
          <CardIcon
            height={40}
            src="/api/topological-inventory/v1.0/service_offering_icons/undefined/icon_data"
            style={
              Object {
                "height": 40,
              }
            }
          >
            <div
              style={
                Object {
                  "display": "inline-block",
                }
              }
            >
              <IconPlaceholder
                style={
                  Object {
                    "height": 40,
                  }
                }
              >
                <div
                  style={
                    Object {
                      "height": 40,
                    }
                  }
                >
                  <svg
                    height="40"
                    width="40"
                  >
                    <circle
                      cx="20"
                      cy="20"
                      fill="#ecebeb"
                      r="20"
                    />
                  </svg>
                </div>
              </IconPlaceholder>
              <t
                afterLoad={[Function]}
                beforeLoad={[Function]}
                className="card-image hide"
                delayMethod="throttle"
                delayTime={300}
                effect=""
                height={0}
                onError={[Function]}
                onLoad={[Function]}
                placeholderSrc=""
                src="/api/topological-inventory/v1.0/service_offering_icons/undefined/icon_data"
                style={
                  Object {
                    "height": 0,
                  }
                }
                threshold={100}
                visibleByDefault={false}
                wrapperClassName=""
              >
                <t
                  afterLoad={[Function]}
                  beforeLoad={[Function]}
                  className="card-image hide"
                  delayMethod="throttle"
                  delayTime={300}
                  height={0}
                  style={
                    Object {
                      "height": 0,
                    }
                  }
                  threshold={100}
                  visibleByDefault={false}
                >
                  <img
                    className="card-image hide"
                    height={0}
                    onError={[Function]}
                    onLoad={[Function]}
                    src="/api/topological-inventory/v1.0/service_offering_icons/undefined/icon_data"
                    style={
                      Object {
                        "height": 0,
                      }
                    }
                  />
                </t>
              </t>
            </div>
          </CardIcon>
        </div>
      </CardHeader>
      <ServiceOfferingCardBody
        id="Foo"
      >
        <CardBody
          style={
            Object {
              "height": 240,
            }
          }
        >
          <div
            className="pf-c-card__body"
            style={
              Object {
                "height": 240,
              }
            }
          >
            <TextContent>
              <div
                className="pf-c-content"
              >
                <Text
                  className="elipsis-text-overflow"
                  component="h3"
                >
                  <h3
                    className="elipsis-text-overflow"
                    data-pf-content={true}
                  />
                </Text>
                <Text
                  component="small"
                >
                  <small
                    className=""
                    data-pf-content={true}
                  >
                     
                  </small>
                </Text>
              </div>
            </TextContent>
            <ItemDetails
              id="Foo"
              toDisplay={
                Array [
                  "long_description",
                ]
              }
            >
              <Dotdotdot
                clamp={6}
                tagName="div"
                truncationChar="…"
                useNativeClamp={true}
              >
                <div>
                  <PropLine
                    key="card-prop-long_description"
                  >
                    <div />
                  </PropLine>
                </div>
              </Dotdotdot>
            </ItemDetails>
          </div>
        </CardBody>
      </ServiceOfferingCardBody>
      <CardFooter>
        <div
          className="pf-c-card__footer"
        />
      </CardFooter>
    </article>
  </Card>
</PlatformItem>
`;
