// Jest Snapshot v1, https://goo.gl/fbAQLP

exports[`<ItemDetailDescription /> should render correctly 1`] = `
<ItemDetailDescription
  product={
    Object {
      "description": "Product description",
      "documentation_url": "some/documention/url",
      "long_description": "Product long description",
      "support_url": "some/support/url",
    }
  }
  setWorkflow={[MockFunction]}
  url="/base/url"
  workflow="foo"
  workflows={
    Array [
      Object {
        "label": "Foo",
        "value": "foo",
      },
      Object {
        "label": "Bar",
        "value": "bar",
      },
    ]
  }
>
  <TextContent>
    <div
      className="pf-c-content"
    >
      <Text
        component="h6"
      >
        <h6
          className=""
          data-pf-content={true}
        >
          Overview
        </h6>
      </Text>
      <Text
        component="p"
      >
        <p
          className=""
          data-pf-content={true}
        >
          Product description
        </p>
      </Text>
      <Text
        component="p"
      >
        <p
          className=""
          data-pf-content={true}
        >
          Product long description
        </p>
      </Text>
      <Text
        component="p"
      >
        <p
          className=""
          data-pf-content={true}
        >
          <a
            href="some/support/url"
            rel="noopener noreferrer"
            target="_blank"
          >
            Learn more
          </a>
        </p>
      </Text>
      <Text
        component="h6"
      >
        <h6
          className=""
          data-pf-content={true}
        >
          Documentation
        </h6>
      </Text>
      <Text
        component="p"
      >
        <p
          className=""
          data-pf-content={true}
        >
          <a
            href="some/documention/url"
            rel="noopener noreferrer"
            target="_blank"
          >
            Doc link
          </a>
        </p>
      </Text>
      <Route
        exact={true}
        path="/base/url"
        render={[Function]}
      >
        <Text
          component="h6"
        >
          <h6
            className=""
            data-pf-content={true}
          >
            Approval workflow
          </h6>
        </Text>
        <Text
          component="p"
        >
          <p
            className=""
            data-pf-content={true}
          >
            None
          </p>
        </Text>
      </Route>
    </div>
  </TextContent>
  <Route
    exact={true}
    path="/base/url/edit"
    render={[Function]}
  />
</ItemDetailDescription>
`;

exports[`<ItemDetailDescription /> should render correctly in edit variant 1`] = `null`;
