// Jest Snapshot v1, https://goo.gl/fbAQLP

exports[`<PortfolioItemDetailToolbar /> should render correctly 1`] = `
<PortfolioItemDetailToolbar
  handleUpdate={[MockFunction]}
  isFetching={false}
  isOpen={false}
  product={
    Object {
      "name": "bar",
    }
  }
  setOpen={[MockFunction]}
  setWorkflow={[MockFunction]}
  url="/foo"
  userCapabilities={
    Object {
      "copy": true,
      "update": true,
    }
  }
/>
`;
