// Jest Snapshot v1, https://goo.gl/fbAQLP

exports[`<PortfolioItemDetailToolbar /> should render correctly 1`] = `
<PortfolioItemDetailToolbar
  availability="available"
  handleUpdate={[MockFunction]}
  isFetching={false}
  isOpen={false}
  orderable={true}
  product={
    Object {
      "id": "product-id",
      "name": "bar",
      "service_offering_source_ref": "source-id",
    }
  }
  setOpen={[MockFunction]}
  setWorkflow={[MockFunction]}
  uploadIcon={[MockFunction]}
  url="/foo"
  userCapabilities={
    Object {
      "copy": true,
      "update": true,
    }
  }
/>
`;
