// Jest Snapshot v1, https://goo.gl/fbAQLP

exports[`<Orders /> should render correctly 1`] = `
<Component>
  <ToolbarRenderer
    componentMapper={
      Object {
        "AppTabs": [Function],
        "Button": [Function],
        "FilterToolbarItem": [Function],
        "Level": [Function],
        "LevelItem": [Function],
        "Link": [Function],
        "Toolbar": [Function],
        "ToolbarGroup": Object {
          "$$typeof": Symbol(react.forward_ref),
          "render": [Function],
        },
        "ToolbarItem": [Function],
        "TopToolbar": [Function],
        "TopToolbarTitle": [Function],
      }
    }
    schema={
      Object {
        "fields": Array [
          Object {
            "className": "orders bg-fill pf-u-p-lg",
            "component": "TopToolbar",
            "fields": Array [
              Object {
                "className": "",
                "component": "TopToolbarTitle",
                "key": "orders-toolbar-title",
                "title": "Orders",
              },
            ],
            "key": "orders-toolbar",
          },
        ],
      }
    }
  />
  <OrdersList />
</Component>
`;

exports[`<Orders /> should render correctly in loading state 1`] = `
<Component>
  <ToolbarRenderer
    componentMapper={
      Object {
        "AppTabs": [Function],
        "Button": [Function],
        "FilterToolbarItem": [Function],
        "Level": [Function],
        "LevelItem": [Function],
        "Link": [Function],
        "Toolbar": [Function],
        "ToolbarGroup": Object {
          "$$typeof": Symbol(react.forward_ref),
          "render": [Function],
        },
        "ToolbarItem": [Function],
        "TopToolbar": [Function],
        "TopToolbarTitle": [Function],
      }
    }
    schema={
      Object {
        "fields": Array [
          Object {
            "className": "orders bg-fill pf-u-p-lg",
            "component": "TopToolbar",
            "fields": Array [
              Object {
                "className": "",
                "component": "TopToolbarTitle",
                "key": "orders-toolbar-title",
                "title": "Orders",
              },
            ],
            "key": "orders-toolbar",
          },
        ],
      }
    }
  />
  <OrdersList />
</Component>
`;
