// Jest Snapshot v1, https://goo.gl/fbAQLP

exports[`<Orders /> should render correctly 1`] = `
<Stack>
  <ToolbarRenderer
    componentMapper={
      Object {
        "AppTabs": [Function],
        "Button": [Function],
        "FilterToolbarItem": [Function],
        "Level": [Function],
        "LevelItem": [Function],
        "Link": [Function],
        "Toolbar": [Function],
        "ToolbarGroup": [Function],
        "ToolbarItem": [Function],
        "TopToolbar": [Function],
        "TopToolbarTitle": [Function],
      }
    }
    schema={
      Object {
        "fields": Array [
          Object {
            "component": [Function],
            "key": "foo-breadcrumbs",
          },
          Object {
            "breadcrumbs": false,
            "className": "orders bg-fill pf-u-p-lg",
            "component": "TopToolbar",
            "fields": Array [
              Object {
                "className": "",
                "component": "TopToolbarTitle",
                "key": "orders-toolbar-title",
                "title": "Orders",
              },
            ],
            "key": "orders-toolbar",
          },
        ],
      }
    }
  />
  <Switch>
    <Route
      path="/orders/:id"
    >
      <OrderDetail />
    </Route>
    <Route
      path="/orders"
    >
      <OrdersList />
    </Route>
  </Switch>
</Stack>
`;

exports[`<Orders /> should render correctly in loading state 1`] = `
<Stack>
  <ToolbarRenderer
    componentMapper={
      Object {
        "AppTabs": [Function],
        "Button": [Function],
        "FilterToolbarItem": [Function],
        "Level": [Function],
        "LevelItem": [Function],
        "Link": [Function],
        "Toolbar": [Function],
        "ToolbarGroup": [Function],
        "ToolbarItem": [Function],
        "TopToolbar": [Function],
        "TopToolbarTitle": [Function],
      }
    }
    schema={
      Object {
        "fields": Array [
          Object {
            "component": [Function],
            "key": "foo-breadcrumbs",
          },
          Object {
            "breadcrumbs": false,
            "className": "orders bg-fill pf-u-p-lg",
            "component": "TopToolbar",
            "fields": Array [
              Object {
                "className": "",
                "component": "TopToolbarTitle",
                "key": "orders-toolbar-title",
                "title": "Orders",
              },
            ],
            "key": "orders-toolbar",
          },
        ],
      }
    }
  />
  <Switch>
    <Route
      path="/orders/:id"
    >
      <OrderDetail />
    </Route>
    <Route
      path="/orders"
    >
      <OrdersList />
    </Route>
  </Switch>
</Stack>
`;
