// Jest Snapshot v1, https://goo.gl/fbAQLP

exports[`<Portfolios /> should render correctly 1`] = `
<ContextProvider
  value={null}
>
  <Portfolios
    fetchPortfolios={[Function]}
    id="123"
    pagination={
      Object {
        "limit": 50,
        "offset": 0,
      }
    }
    portfolios={
      Array [
        Object {
          "created_at": "foo",
          "description": "description",
          "id": "123",
          "modified": "sometimes",
          "name": "bar",
          "owner": "Owner",
        },
      ]
    }
    store={
      Object {
        "clearActions": [Function],
        "dispatch": [Function],
        "getActions": [Function],
        "getState": [Function],
        "replaceReducer": [Function],
        "subscribe": [Function],
      }
    }
  />
</ContextProvider>
`;
