// Jest Snapshot v1, https://goo.gl/fbAQLP

exports[`<Platforms /> should render correctly 1`] = `
<ContextProvider
  value={null}
>
  <Platforms
    fetchPlatforms={[Function]}
    isLoading={false}
    platforms={Array []}
    searchFilter=""
    store={
      Object {
        "clearActions": [Function],
        "dispatch": [Function],
        "getActions": [Function],
        "getState": [Function],
        "replaceReducer": [Function],
        "subscribe": [Function],
      }
    }
  />
</ContextProvider>
`;
