// Jest Snapshot v1, https://goo.gl/fbAQLP

exports[`<Platform /> should render correctly 1`] = `
<Platform
  fetchPlatformItems={[Function]}
  fetchSelectedPlatform={[Function]}
  isPlatformDataLoading={false}
  match={
    Object {
      "params": Object {
        "id": 1,
      },
    }
  }
  paginationCurrent={
    Object {
      "count": 0,
      "limit": 50,
      "offset": 0,
    }
  }
  platform={
    Object {
      "id": "1",
      "name": "Foo",
    }
  }
  platformItems={Array []}
  store={
    Object {
      "clearActions": [Function],
      "dispatch": [Function],
      "getActions": [Function],
      "getState": [Function],
      "replaceReducer": [Function],
      "subscribe": [Function],
    }
  }
  storeSubscription={
    Subscription {
      "listeners": Object {
        "clear": [Function],
        "get": [Function],
        "notify": [Function],
        "subscribe": [Function],
      },
      "onStateChange": [Function],
      "parentSub": undefined,
      "store": Object {
        "clearActions": [Function],
        "dispatch": [Function],
        "getActions": [Function],
        "getState": [Function],
        "replaceReducer": [Function],
        "subscribe": [Function],
      },
      "unsubscribe": [Function],
    }
  }
/>
`;
