// Jest Snapshot v1, https://goo.gl/fbAQLP

exports[`<OrderToolbarItem /> should render correcntly 1`] = `
<OrderToolbarItem>
  <ToolbarGroup
    className="pf-u-ml-auto-on-xl"
    style={
      Object {
        "alignSelf": "baseline",
      }
    }
  >
    <div
      className="pf-l-toolbar__group pf-u-ml-auto-on-xl"
      style={
        Object {
          "alignSelf": "baseline",
        }
      }
    >
      <ToolbarItem
        className={null}
      >
        <div
          className="pf-l-toolbar__item"
        >
          <Link
            key="show_order-list"
            replace={false}
            to="/orders"
          >
            <a
              href="/orders"
              onClick={[Function]}
            >
              <Button
                aria-label={null}
                className=""
                component="button"
                id="ordersButton"
                isActive={false}
                isBlock={false}
                isDisabled={false}
                isFocus={false}
                isHover={false}
                type="button"
                variant="link"
              >
                <button
                  aria-disabled={null}
                  aria-label={null}
                  className="pf-c-button pf-m-link"
                  disabled={false}
                  id="ordersButton"
                  tabIndex={null}
                  type="button"
                >
                  <i
                    aria-hidden="true"
                    className="fas fa-shopping-cart"
                  />
                  Orders
                </button>
              </Button>
            </a>
          </Link>
        </div>
      </ToolbarItem>
    </div>
  </ToolbarGroup>
</OrderToolbarItem>
`;

exports[`<OrderToolbarItem /> should render correcntly when required 1`] = `
<OrderToolbarItem>
  <ToolbarGroup
    className="pf-u-ml-auto-on-xl"
    style={
      Object {
        "alignSelf": "baseline",
      }
    }
  >
    <div
      className="pf-l-toolbar__group pf-u-ml-auto-on-xl"
      style={
        Object {
          "alignSelf": "baseline",
        }
      }
    >
      <ToolbarItem
        className={null}
      >
        <div
          className="pf-l-toolbar__item"
        >
          <Link
            key="show_order-list"
            replace={false}
            to="/orders"
          >
            <a
              href="/orders"
              onClick={[Function]}
            >
              <Button
                aria-label={null}
                className=""
                component="button"
                id="ordersButton"
                isActive={false}
                isBlock={false}
                isDisabled={false}
                isFocus={false}
                isHover={false}
                type="button"
                variant="link"
              >
                <button
                  aria-disabled={null}
                  aria-label={null}
                  className="pf-c-button pf-m-link"
                  disabled={false}
                  id="ordersButton"
                  tabIndex={null}
                  type="button"
                >
                  <i
                    aria-hidden="true"
                    className="fas fa-shopping-cart"
                  />
                  Orders
                </button>
              </Button>
            </a>
          </Link>
        </div>
      </ToolbarItem>
    </div>
  </ToolbarGroup>
</OrderToolbarItem>
`;
