// Jest Snapshot v1, https://goo.gl/fbAQLP

exports[`<AddProductsToPortfolio /> should render correctly 1`] = `
<withRouter(Connect(AddProductsToPortfolio))
  portfolio={
    Object {
      "name": "Foo",
    }
  }
  portfolioRoute="/portfolio/foo"
  store={
    Object {
      "clearActions": [Function],
      "dispatch": [Function],
      "getActions": [Function],
      "getState": [Function],
      "replaceReducer": [Function],
      "subscribe": [Function],
    }
  }
/>
`;
